[启动参数] duplex=half, input=pyaudio, output=ros1, half_resume_delay=50ms
等待人脸识别（首次引导）...
UDP接收器已关闭
[CameraAdapter] ROS1 订阅 Image: /camera/color/image_raw
[INFO] 超时未检测到满足条件的人脸，结束。
[periodic_analysis error] Face could not be detected in numpy array.Please confirm that the picture is a face photo or consider to set enforce_detection param to False.
[FacePromptDetector] Emotion stream started udp://127.0.0.1:5555 @ 5s
[PROMPT] 使用专家机器人采访 prompt，开场白由 say_hello 随机选择
[CTRL-INJECT] CTRL_INJECT_MODE=conversation，使用 ConversationCreate(510) 静默注入；ctrl.txt 变化也走静默注入
已订阅下位机播放状态话题: /audio_playing_status
ALSA lib pcm_dmix.c:1089:(snd_pcm_dmix_open) unable to open slave
ALSA lib pcm.c:2642:(snd_pcm_open_noupdate) Unknown PCM cards.pcm.rear
ALSA lib pcm.c:2642:(snd_pcm_open_noupdate) Unknown PCM cards.pcm.center_lfe
ALSA lib pcm.c:2642:(snd_pcm_open_noupdate) Unknown PCM cards.pcm.side
ALSA lib confmisc.c:1281:(snd_func_refer) Unable to find definition 'cards.USB-Audio.pcm.hdmi.0:CARD=0,AES0=4,AES1=130,AES2=0,AES3=2'
ALSA lib conf.c:4732:(_snd_config_evaluate) function snd_func_refer returned error: No such file or directory
ALSA lib conf.c:5220:(snd_config_expand) Evaluate error: No such file or directory
ALSA lib pcm.c:2642:(snd_pcm_open_noupdate) Unknown PCM hdmi
ALSA lib confmisc.c:1281:(snd_func_refer) Unable to find definition 'cards.USB-Audio.pcm.hdmi.0:CARD=0,AES0=4,AES1=130,AES2=0,AES3=2'
ALSA lib conf.c:4732:(_snd_config_evaluate) function snd_func_refer returned error: No such file or directory
ALSA lib conf.c:5220:(snd_config_expand) Evaluate error: No such file or directory
ALSA lib pcm.c:2642:(snd_pcm_open_noupdate) Unknown PCM hdmi
ALSA lib pcm.c:2642:(snd_pcm_open_noupdate) Unknown PCM cards.pcm.modem
ALSA lib pcm.c:2642:(snd_pcm_open_noupdate) Unknown PCM cards.pcm.modem
ALSA lib pcm.c:2642:(snd_pcm_open_noupdate) Unknown PCM cards.pcm.phoneline
ALSA lib pcm.c:2642:(snd_pcm_open_noupdate) Unknown PCM cards.pcm.phoneline
Cannot connect to server socket err = No such file or directory
Cannot connect to server request channel
jack server is not running or cannot be started
JackShmReadWritePtr::~JackShmReadWritePtr - Init not done for -1, skipping unlock
JackShmReadWritePtr::~JackShmReadWritePtr - Init not done for -1, skipping unlock
Cannot connect to server socket err = No such file or directory
Cannot connect to server request channel
jack server is not running or cannot be started
JackShmReadWritePtr::~JackShmReadWritePtr - Init not done for -1, skipping unlock
JackShmReadWritePtr::~JackShmReadWritePtr - Init not done for -1, skipping unlock
ALSA lib pcm_oss.c:377:(_snd_pcm_oss_open) Unknown field port
ALSA lib pcm_oss.c:377:(_snd_pcm_oss_open) Unknown field port
ALSA lib pcm_usb_stream.c:486:(_snd_pcm_usb_stream_open) Invalid type for card
ALSA lib pcm_usb_stream.c:486:(_snd_pcm_usb_stream_open) Invalid type for card
ALSA lib pcm_dmix.c:1024:(snd_pcm_dmix_open) The dmix plugin supports only playback stream
ALSA lib pcm_dmix.c:1089:(snd_pcm_dmix_open) unable to open slave
Cannot connect to server socket err = No such file or directory
Cannot connect to server request channel
jack server is not running or cannot be started
JackShmReadWritePtr::~JackShmReadWritePtr - Init not done for -1, skipping unlock
JackShmReadWritePtr::~JackShmReadWritePtr - Init not done for -1, skipping unlock
[PYAUDIO-MIC] 已打开本地麦克风 (默认设备), rate=48000Hz, channels=1
[CTRL-INJECT] 已启动 0 个独立定时注入任务：
[CTRL-MONITOR] 启动（conversation 模式）：ctrl.txt 内容变化将静默注入，不合并语音。
url: wss://openspeech.bytedance.com/api/v3/realtime/dialogue, headers: {'X-Api-App-ID': '3804715431', 'X-Api-Access-Key': '7kWnt7X4Y41dZZtf6fUHj-PZwtNzJnol', 'X-Api-Resource-Id': 'volc.speech.dialog', 'X-Api-App-Key': 'PlgvMymc7f3tQnJ6', 'X-Api-Connect-Id': 'b4bfa76a-a6e6-4f77-aa73-c9e9cf504267'}
dialog server response logid: 2026081219181594C46567A03777CB723E
StartConnection response: {'message_type': 'SERVER_FULL_RESPONSE', 'event': 50, 'session_id': "b'b4bfa76a-a6e6-4f77-aa73-c9e9cf504267'", 'payload_msg': {}, 'payload_size': 2}
StartSession response: {'message_type': 'SERVER_FULL_RESPONSE', 'event': 150, 'session_id': "b'9cb61aaa-e045-4a75-936e-ea519d771a99'", 'payload_msg': {'dialog_id': '23dfebdd-5140-47e9-b8eb-96e02bdf4e0c'}, 'payload_size': 52}
[MIC-UDP:5558] 发送指令：send_microphone
[Half-Duplex] 暂停上位机麦克风: say_hello
[say_hello] 随机开场白 #1
直接发送'开始'关键词，发送UDP消息
服务器响应: {'message_type': 'SERVER_FULL_RESPONSE', 'event': 350, 'session_id': "b'9cb61aaa-e045-4a75-936e-ea519d771a99'", 'payload_msg': {'question_id': '52430357035516930', 'reply_id': '52430357035517186', 'text': '', 'tts_type': 'chat_tts_text'}, 'payload_size': 103}
服务器响应: {'message_type': 'SERVER_FULL_RESPONSE', 'event': 154, 'session_id': "b'9cb61aaa-e045-4a75-936e-ea519d771a99'", 'payload_msg': {'usage': {'cached_audio_tokens': 0, 'cached_text_tokens': 0, 'input_audio_tokens': 0, 'input_text_tokens': 0, 'output_audio_tokens': 334, 'output_text_tokens': 50}}, 'payload_size': 153}
服务器响应: {'message_type': 'SERVER_FULL_RESPONSE', 'event': 351, 'session_id': "b'9cb61aaa-e045-4a75-936e-ea519d771a99'", 'payload_msg': {'amount': 73, 'mute_cut_ms': 0, 'question_id': '52430357035516930', 'reply_id': '52430357035517186', 'sentence_duration': {'cur_sentence_index': 0, 'sentence_end_time': 13.397333, 'sentence_start_time': 0}, 'text': '您好！欢迎来到我们的展台～我是小科，一个正在学习成为专家分身的智能机器人。今天想邀请您花一分钟，和我聊聊天，听听您对未来机器人专家的期待。可以吗？'}, 'payload_size': 422}
服务器响应: {'message_type': 'SERVER_FULL_RESPONSE', 'event': 359, 'session_id': "b'9cb61aaa-e045-4a75-936e-ea519d771a99'", 'payload_msg': {'question_id': '52430357035516930', 'reply_id': '52430357035517186'}, 'payload_size': 66}
receive tts sayhello ended event
[MIC-UDP:5558] 发送指令：release_microphone
[Half-Duplex] 恢复上位机麦克风: robot_speaker_finished
使用 PyAudio 本地麦克风 作为麦克风输入，采样率=48000Hz, channels=1，开始讲话...
[PROMPT] 用户长时间未开口，超时注入采访 prompt
服务器响应: {'message_type': 'SERVER_FULL_RESPONSE', 'event': 553, 'session_id': "b'9cb61aaa-e045-4a75-936e-ea519d771a99'", 'payload_msg': {'question_id': '52416483250060290'}, 'payload_size': 35}
服务器响应: {'message_type': 'SERVER_FULL_RESPONSE', 'event': 550, 'session_id': "b'9cb61aaa-e045-4a75-936e-ea519d771a99'", 'payload_msg': {'content': '你', 'question_id': '52416483250060290', 'reply_id': '52416483250060802'}, 'payload_size': 82}
服务器响应: {'message_type': 'SERVER_FULL_RESPONSE', 'event': 550, 'session_id': "b'9cb61aaa-e045-4a75-936e-ea519d771a99'", 'payload_msg': {'content': '今天', 'question_id': '52416483250060290', 'reply_id': '52416483250060802'}, 'payload_size': 85}
服务器响应: {'message_type': 'SERVER_FULL_RESPONSE', 'event': 550, 'session_id': "b'9cb61aaa-e045-4a75-936e-ea519d771a99'", 'payload_msg': {'content': '是以', 'question_id': '52416483250060290', 'reply_id': '52416483250060802'}, 'payload_size': 85}
服务器响应: {'message_type': 'SERVER_FULL_RESPONSE', 'event': 550, 'session_id': "b'9cb61aaa-e045-4a75-936e-ea519d771a99'", 'payload_msg': {'content': '普通', 'question_id': '52416483250060290', 'reply_id': '52416483250060802'}, 'payload_size': 85}
服务器响应: {'message_type': 'SERVER_FULL_RESPONSE', 'event': 550, 'session_id': "b'9cb61aaa-e045-4a75-936e-ea519d771a99'", 'payload_msg': {'content': '观众、行业', 'question_id': '52416483250060290', 'reply_id': '52416483250060802'}, 'payload_size': 94}
服务器响应: {'message_type': 'SERVER_FULL_RESPONSE', 'event': 550, 'session_id': "b'9cb61aaa-e045-4a75-936e-ea519d771a99'", 'payload_msg': {'content': '从业者', 'question_id': '52416483250060290', 'reply_id': '52416483250060802'}, 'payload_size': 88}
服务器响应: {'message_type': 'SERVER_FULL_RESPONSE', 'event': 550, 'session_id': "b'9cb61aaa-e045-4a75-936e-ea519d771a99'", 'payload_msg': {'content': '、潜在', 'question_id': '52416483250060290', 'reply_id': '52416483250060802'}, 'payload_size': 88}
服务器响应: {'message_type': 'SERVER_FULL_RESPONSE', 'event': 550, 'session_id': "b'9cb61aaa-e045-4a75-936e-ea519d771a99'", 'payload_msg': {'content': '采购方', 'question_id': '52416483250060290', 'reply_id': '52416483250060802'}, 'payload_size': 88}
服务器响应: {'message_type': 'SERVER_FULL_RESPONSE', 'event': 550, 'session_id': "b'9cb61aaa-e045-4a75-936e-ea519d771a99'", 'payload_msg': {'content': '，还是合作伙伴', 'question_id': '52416483250060290', 'reply_id': '52416483250060802'}, 'payload_size': 100}
服务器响应: {'message_type': 'SERVER_FULL_RESPONSE', 'event': 550, 'session_id': "b'9cb61aaa-e045-4a75-936e-ea519d771a99'", 'payload_msg': {'content': '的身份来参观', 'question_id': '52416483250060290', 'reply_id': '52416483250060802'}, 'payload_size': 97}
服务器响应: {'message_type': 'SERVER_FULL_RESPONSE', 'event': 550, 'session_id': "b'9cb61aaa-e045-4a75-936e-ea519d771a99'", 'payload_msg': {'content': '呢', 'question_id': '52416483250060290', 'reply_id': '52416483250060802'}, 'payload_size': 82}
服务器响应: {'message_type': 'SERVER_FULL_RESPONSE', 'event': 550, 'session_id': "b'9cb61aaa-e045-4a75-936e-ea519d771a99'", 'payload_msg': {'content': '？', 'question_id': '52416483250060290', 'reply_id': '52416483250060802'}, 'payload_size': 82}
服务器响应: {'message_type': 'SERVER_FULL_RESPONSE', 'event': 559, 'session_id': "b'9cb61aaa-e045-4a75-936e-ea519d771a99'", 'payload_msg': {'question_id': '52416483250060290', 'reply_id': '52416483250060802'}, 'payload_size': 66}
服务器响应: {'message_type': 'SERVER_FULL_RESPONSE', 'event': 350, 'session_id': "b'9cb61aaa-e045-4a75-936e-ea519d771a99'", 'payload_msg': {'question_id': '52416483250060290', 'reply_id': '52416483250060802', 'text': '', 'tts_type': 'default'}, 'payload_size': 97}
[MIC-UDP:5558] 发送指令：send_microphone
[Half-Duplex] 暂停上位机麦克风: robot_speaker_playing
服务器响应: {'message_type': 'SERVER_FULL_RESPONSE', 'event': 154, 'session_id': "b'9cb61aaa-e045-4a75-936e-ea519d771a99'", 'payload_msg': {'usage': {'cached_audio_tokens': 0, 'cached_text_tokens': 0, 'input_audio_tokens': 0, 'input_text_tokens': 1771, 'output_audio_tokens': 164, 'output_text_tokens': 23}}, 'payload_size': 156}
服务器响应: {'message_type': 'SERVER_FULL_RESPONSE', 'event': 351, 'session_id': "b'9cb61aaa-e045-4a75-936e-ea519d771a99'", 'payload_msg': {'amount': 36, 'mute_cut_ms': 0, 'question_id': '52416483250060290', 'reply_id': '52416483250060802', 'sentence_duration': {'cur_sentence_index': 0, 'sentence_end_time': 6.5864167, 'sentence_start_time': 0}, 'text': '你今天是以普通观众、行业从业者、潜在采购方，还是合作伙伴的身份来参观呢？'}, 'payload_size': 311}
服务器响应: {'message_type': 'SERVER_FULL_RESPONSE', 'event': 359, 'session_id': "b'9cb61aaa-e045-4a75-936e-ea519d771a99'", 'payload_msg': {'question_id': '52416483250060290', 'reply_id': '52416483250060802'}, 'payload_size': 66}
[MIC-UDP:5558] 发送指令：release_microphone
[Half-Duplex] 恢复上位机麦克风: robot_speaker_finished
服务器响应: {'message_type': 'SERVER_FULL_RESPONSE', 'event': 450, 'session_id': "b'9cb61aaa-e045-4a75-936e-ea519d771a99'", 'payload_msg': {'asr_task_id': '9cb61aaa-e045-4a75-936e-ea519d771a99_1_0', 'is_duplex_interrupted': False, 'local_message_id': '6df0a482-1d86-462a-bc50-dc8bbaf70bb9', 'question_id': '52416483250085122', 'round_id': 3}, 'payload_size': 193}
清空缓存音频: b'9cb61aaa-e045-4a75-936e-ea519d771a99'
服务器响应: {'message_type': 'SERVER_FULL_RESPONSE', 'event': 451, 'session_id': "b'9cb61aaa-e045-4a75-936e-ea519d771a99'", 'payload_msg': {'extra': {'interrupt_score': 0.825726330280304, 'is_pvad': False, 'logid': '2026081219181594C46567A03777CB723E_1', 'model_version': 'BigASR-BigStreamv1.4.8_chunk_8', 'origin_text': '啥', 'pre_query_round': 0, 'req_payload': {'end_smooth_silence_proportion': 0.9, 'eos_silence_timeout': 1500}, 'seq_id': 2973, 'source': 'bigasr-acllm-release-streaming-grpc-v3'}, 'results': [{'alternatives': [{'end_time': 59.46193, 'oi_decoding_info': {'oi_former_word_num': 0, 'oi_latter_word_num': 0, 'oi_words': None}, 'semantic_related_to_prev': None, 'start_time': 58.552, 'text': '啥'}], 'end_time': 59.46193, 'index': 0, 'is_interim': True, 'is_vad_timeout': False, 'start_time': 58.552, 'text': '啥'}]}, 'payload_size': 647}
服务器响应: {'message_type': 'SERVER_FULL_RESPONSE', 'event': 451, 'session_id': "b'9cb61aaa-e045-4a75-936e-ea519d771a99'", 'payload_msg': {'extra': {'interrupt_score': 0.825726330280304, 'is_pvad': False, 'logid': '2026081219181594C46567A03777CB723E_1', 'model_version': 'BigASR-BigStreamv1.4.8_chunk_8', 'origin_text': '啥', 'pre_query_round': 0, 'req_payload': {'end_smooth_silence_proportion': 0.9, 'eos_silence_timeout': 1500}, 'seq_id': 2977, 'source': 'bigasr-acllm-release-streaming-grpc-v3'}, 'results': [{'alternatives': [{'end_time': 59.541916, 'oi_decoding_info': {'oi_former_word_num': 0, 'oi_latter_word_num': 0, 'oi_words': None}, 'semantic_related_to_prev': None, 'start_time': 58.552, 'text': '啥'}], 'end_time': 59.541916, 'index': 0, 'is_interim': True, 'is_vad_timeout': False, 'start_time': 58.552, 'text': '啥'}]}, 'payload_size': 649}
服务器响应: {'message_type': 'SERVER_FULL_RESPONSE', 'event': 451, 'session_id': "b'9cb61aaa-e045-4a75-936e-ea519d771a99'", 'payload_msg': {'extra': {'interrupt_score': 0.8981356024742126, 'is_pvad': False, 'logid': '2026081219181594C46567A03777CB723E_1', 'model_version': 'BigASR-BigStreamv1.4.8_chunk_8', 'origin_text': '啥也', 'pre_query_round': 0, 'req_payload': {'end_smooth_silence_proportion': 0.9, 'eos_silence_timeout': 1500}, 'seq_id': 2981, 'source': 'bigasr-acllm-release-streaming-grpc-v3'}, 'results': [{'alternatives': [{'end_time': 59.621902, 'oi_decoding_info': {'oi_former_word_num': 0, 'oi_latter_word_num': 0, 'oi_words': None}, 'semantic_related_to_prev': None, 'start_time': 58.552, 'text': '啥也'}], 'end_time': 59.621902, 'index': 0, 'is_interim': True, 'is_vad_timeout': False, 'start_time': 58.552, 'text': '啥也'}]}, 'payload_size': 659}
服务器响应: {'message_type': 'SERVER_FULL_RESPONSE', 'event': 451, 'session_id': "b'9cb61aaa-e045-4a75-936e-ea519d771a99'", 'payload_msg': {'extra': {'interrupt_score': 0.9164557456970215, 'is_pvad': False, 'logid': '2026081219181594C46567A03777CB723E_1', 'model_version': 'BigASR-BigStreamv1.4.8_chunk_8', 'origin_text': '啥也不是', 'pre_query_round': 0, 'req_payload': {'end_smooth_silence_proportion': 0.9, 'eos_silence_timeout': 1500}, 'seq_id': 2985, 'source': 'bigasr-acllm-release-streaming-grpc-v3'}, 'results': [{'alternatives': [{'end_time': 59.70189, 'oi_decoding_info': {'oi_former_word_num': 0, 'oi_latter_word_num': 0, 'oi_words': None}, 'semantic_related_to_prev': None, 'start_time': 58.552, 'text': '啥也不是'}], 'end_time': 59.70189, 'index': 0, 'is_interim': True, 'is_vad_timeout': False, 'start_time': 58.552, 'text': '啥也不是'}]}, 'payload_size': 675}
服务器响应: {'message_type': 'SERVER_FULL_RESPONSE', 'event': 451, 'session_id': "b'9cb61aaa-e045-4a75-936e-ea519d771a99'", 'payload_msg': {'extra': {'interrupt_score': 0.8509783148765564, 'is_pvad': False, 'logid': '2026081219181594C46567A03777CB723E_1', 'model_version': 'BigASR-BigStreamv1.4.8_chunk_8', 'origin_text': '啥也不是啥', 'pre_query_round': 0, 'req_payload': {'end_smooth_silence_proportion': 0.9, 'eos_silence_timeout': 1500}, 'seq_id': 2989, 'source': 'bigasr-acllm-release-streaming-grpc-v3'}, 'results': [{'alternatives': [{'end_time': 59.781876, 'oi_decoding_info': {'oi_former_word_num': 0, 'oi_latter_word_num': 0, 'oi_words': None}, 'semantic_related_to_prev': None, 'start_time': 58.552, 'text': '啥也不是啥'}], 'end_time': 59.781876, 'index': 0, 'is_interim': True, 'is_vad_timeout': False, 'start_time': 58.552, 'text': '啥也不是啥'}]}, 'payload_size': 686}
服务器响应: {'message_type': 'SERVER_FULL_RESPONSE', 'event': 451, 'session_id': "b'9cb61aaa-e045-4a75-936e-ea519d771a99'", 'payload_msg': {'extra': {'interrupt_score': 0.9486371874809265, 'is_pvad': False, 'logid': '2026081219181594C46567A03777CB723E_1', 'model_version': 'BigASR-BigStreamv1.4.8_chunk_8', 'origin_text': '啥也不是啥也', 'pre_query_round': 0, 'req_payload': {'end_smooth_silence_proportion': 0.9, 'eos_silence_timeout': 1500}, 'seq_id': 2993, 'source': 'bigasr-acllm-release-streaming-grpc-v3', 'vad_backtrack_silence_time_ms': 70.0031826171923}, 'results': [{'alternatives': [{'end_time': 59.861862, 'oi_decoding_info': {'oi_former_word_num': 0, 'oi_latter_word_num': 0, 'oi_words': None}, 'semantic_related_to_prev': None, 'start_time': 58.552, 'text': '啥也不是啥也'}], 'end_time': 59.861862, 'index': 0, 'is_interim': True, 'is_vad_timeout': False, 'start_time': 58.552, 'text': '啥也不是啥也'}]}, 'payload_size': 744}
服务器响应: {'message_type': 'SERVER_FULL_RESPONSE', 'event': 451, 'session_id': "b'9cb61aaa-e045-4a75-936e-ea519d771a99'", 'payload_msg': {'extra': {'interrupt_score': 0.9513132572174072, 'is_pvad': False, 'logid': '2026081219181594C46567A03777CB723E_1', 'model_version': 'BigASR-BigStreamv1.4.8_chunk_8', 'origin_text': '啥也不是啥也不是', 'pre_query_round': 0, 'req_payload': {'end_smooth_silence_proportion': 0.9, 'eos_silence_timeout': 1500}, 'seq_id': 2997, 'source': 'bigasr-acllm-release-streaming-grpc-v3', 'vad_backtrack_silence_time_ms': 140.0067548828119}, 'results': [{'alternatives': [{'end_time': 59.94185, 'oi_decoding_info': {'oi_former_word_num': 0, 'oi_latter_word_num': 0, 'oi_words': None}, 'semantic_related_to_prev': None, 'start_time': 58.552, 'text': '啥也不是啥也不是'}], 'end_time': 59.94185, 'index': 0, 'is_interim': True, 'is_vad_timeout': False, 'start_time': 58.552, 'text': '啥也不是啥也不是'}]}, 'payload_size': 761}
服务器响应: {'message_type': 'SERVER_FULL_RESPONSE', 'event': 451, 'session_id': "b'9cb61aaa-e045-4a75-936e-ea519d771a99'", 'payload_msg': {'extra': {'interrupt_score': 0.9513132572174072, 'is_pvad': False, 'logid': '2026081219181594C46567A03777CB723E_1', 'model_version': 'BigASR-BigStreamv1.4.8_chunk_8', 'origin_text': '啥也不是啥也不是', 'pre_query_round': 1, 'prefetch': True, 'req_payload': {'end_smooth_silence_proportion': 0.9, 'eos_silence_timeout': 1500}, 'seq_id': 3001, 'source': 'bigasr-acllm-release-streaming-grpc-v3', 'vad_backtrack_silence_time_ms': 219.9933271484369}, 'results': [{'alternatives': [{'end_time': 60.021835, 'oi_decoding_info': {'oi_former_word_num': 0, 'oi_latter_word_num': 0, 'oi_words': None}, 'semantic_related_to_prev': None, 'start_time': 58.552, 'text': '啥也不是，啥也不是。'}], 'end_time': 60.021835, 'index': 0, 'is_interim': True, 'is_soft_finished': True, 'is_vad_timeout': False, 'soft_vad_type': 999, 'start_time': 58.552, 'text': '啥也不是，啥也不是。'}]}, 'payload_size': 835}
服务器响应: {'message_type': 'SERVER_FULL_RESPONSE', 'event': 451, 'session_id': "b'9cb61aaa-e045-4a75-936e-ea519d771a99'", 'payload_msg': {'extra': {'interrupt_score': 0.9513132572174072, 'is_pvad': False, 'logid': '2026081219181594C46567A03777CB723E_1', 'model_version': 'BigASR-BigStreamv1.4.8_chunk_8', 'origin_text': '啥也不是啥也不是', 'pre_query_round': 1, 'req_payload': {'end_smooth_silence_proportion': 0.9, 'eos_silence_timeout': 1500}, 'seq_id': 3005, 'source': 'bigasr-acllm-release-streaming-grpc-v3', 'vad_backtrack_silence_time_ms': 299.9798994140619}, 'results': [{'alternatives': [{'end_time': 60.10182, 'oi_decoding_info': {'oi_former_word_num': 0, 'oi_latter_word_num': 0, 'oi_words': None}, 'semantic_related_to_prev': None, 'start_time': 58.552, 'text': '啥也不是啥也不是'}], 'end_time': 60.10182, 'index': 0, 'is_interim': True, 'is_vad_timeout': False, 'start_time': 58.552, 'text': '啥也不是啥也不是'}]}, 'payload_size': 761}
服务器响应: {'message_type': 'SERVER_FULL_RESPONSE', 'event': 451, 'session_id': "b'9cb61aaa-e045-4a75-936e-ea519d771a99'", 'payload_msg': {'extra': {'interrupt_score': 0.9513132572174072, 'is_pvad': False, 'logid': '2026081219181594C46567A03777CB723E_1', 'model_version': 'BigASR-BigStreamv1.4.8_chunk_8', 'origin_text': '啥也不是啥也不是', 'pre_query_round': 1, 'req_payload': {'end_smooth_silence_proportion': 0.9, 'eos_silence_timeout': 1500}, 'seq_id': 3009, 'source': 'bigasr-acllm-release-streaming-grpc-v3', 'vad_backtrack_silence_time_ms': 379.9664716796869}, 'results': [{'alternatives': [{'end_time': 60.18181, 'oi_decoding_info': {'oi_former_word_num': 0, 'oi_latter_word_num': 0, 'oi_words': None}, 'semantic_related_to_prev': None, 'start_time': 58.552, 'text': '啥也不是啥也不是'}], 'end_time': 60.18181, 'index': 0, 'is_interim': True, 'is_vad_timeout': False, 'start_time': 58.552, 'text': '啥也不是啥也不是'}]}, 'payload_size': 761}
服务器响应: {'message_type': 'SERVER_FULL_RESPONSE', 'event': 451, 'session_id': "b'9cb61aaa-e045-4a75-936e-ea519d771a99'", 'payload_msg': {'extra': {'interrupt_score': 0.9513132572174072, 'is_pvad': False, 'logid': '2026081219181594C46567A03777CB723E_1', 'model_version': 'BigASR-BigStreamv1.4.8_chunk_8', 'origin_text': '啥也不是啥也不是', 'pre_query_round': 1, 'req_payload': {'end_smooth_silence_proportion': 0.9, 'eos_silence_timeout': 1500}, 'seq_id': 3013, 'source': 'bigasr-acllm-release-streaming-grpc-v3', 'vad_backtrack_silence_time_ms': 459.9530439453119}, 'results': [{'alternatives': [{'end_time': 60.261795, 'oi_decoding_info': {'oi_former_word_num': 0, 'oi_latter_word_num': 0, 'oi_words': None}, 'semantic_related_to_prev': None, 'start_time': 58.552, 'text': '啥也不是啥也不是'}], 'end_time': 60.261795, 'index': 0, 'is_interim': True, 'is_vad_timeout': False, 'start_time': 58.552, 'text': '啥也不是啥也不是'}]}, 'payload_size': 763}
服务器响应: {'message_type': 'SERVER_FULL_RESPONSE', 'event': 451, 'session_id': "b'9cb61aaa-e045-4a75-936e-ea519d771a99'", 'payload_msg': {'extra': {'interrupt_score': 0.9513132572174072, 'is_pvad': False, 'logid': '2026081219181594C46567A03777CB723E_1', 'model_version': 'BigASR-BigStreamv1.4.8_chunk_8', 'origin_text': '啥也不是啥也不是', 'pre_query_round': 1, 'req_payload': {'end_smooth_silence_proportion': 0.9, 'eos_silence_timeout': 1500}, 'seq_id': 3017, 'source': 'bigasr-acllm-release-streaming-grpc-v3', 'vad_backtrack_silence_time_ms': 539.939616210937}, 'results': [{'alternatives': [{'end_time': 60.34178, 'oi_decoding_info': {'oi_former_word_num': 0, 'oi_latter_word_num': 0, 'oi_words': None}, 'semantic_related_to_prev': None, 'start_time': 58.552, 'text': '啥也不是啥也不是'}], 'end_time': 60.34178, 'index': 0, 'is_interim': True, 'is_vad_timeout': False, 'start_time': 58.552, 'text': '啥也不是啥也不是'}]}, 'payload_size': 760}
服务器响应: {'message_type': 'SERVER_FULL_RESPONSE', 'event': 451, 'session_id': "b'9cb61aaa-e045-4a75-936e-ea519d771a99'", 'payload_msg': {'extra': {'interrupt_score': 0.9513132572174072, 'is_pvad': False, 'logid': '2026081219181594C46567A03777CB723E_1', 'model_version': 'BigASR-BigStreamv1.4.8_chunk_8', 'origin_text': '啥也不是啥也不是', 'pre_query_round': 1, 'req_payload': {'end_smooth_silence_proportion': 0.9, 'eos_silence_timeout': 1500}, 'seq_id': 3021, 'source': 'bigasr-acllm-release-streaming-grpc-v3', 'vad_backtrack_silence_time_ms': 619.926188476562}, 'results': [{'alternatives': [{'end_time': 60.42177, 'oi_decoding_info': {'oi_former_word_num': 0, 'oi_latter_word_num': 0, 'oi_words': None}, 'semantic_related_to_prev': None, 'start_time': 58.552, 'text': '啥也不是啥也不是'}], 'end_time': 60.42177, 'index': 0, 'is_interim': True, 'is_vad_timeout': False, 'start_time': 58.552, 'text': '啥也不是啥也不是'}]}, 'payload_size': 760}
服务器响应: {'message_type': 'SERVER_FULL_RESPONSE', 'event': 451, 'session_id': "b'9cb61aaa-e045-4a75-936e-ea519d771a99'", 'payload_msg': {'extra': {'interrupt_score': 0.9513132572174072, 'is_pvad': False, 'logid': '2026081219181594C46567A03777CB723E_1', 'model_version': 'BigASR-BigStreamv1.4.8_chunk_8', 'origin_text': '啥也不是啥也不是', 'pre_query_round': 1, 'req_payload': {'end_smooth_silence_proportion': 0.9, 'eos_silence_timeout': 1500}, 'seq_id': 3025, 'source': 'bigasr-acllm-release-streaming-grpc-v3', 'vad_backtrack_silence_time_ms': 699.912760742187}, 'results': [{'alternatives': [{'end_time': 60.501755, 'oi_decoding_info': {'oi_former_word_num': 0, 'oi_latter_word_num': 0, 'oi_words': None}, 'semantic_related_to_prev': None, 'start_time': 58.552, 'text': '啥也不是啥也不是'}], 'end_time': 60.501755, 'index': 0, 'is_interim': True, 'is_vad_timeout': False, 'start_time': 58.552, 'text': '啥也不是啥也不是'}]}, 'payload_size': 762}
服务器响应: {'message_type': 'SERVER_FULL_RESPONSE', 'event': 451, 'session_id': "b'9cb61aaa-e045-4a75-936e-ea519d771a99'", 'payload_msg': {'extra': {'interrupt_score': 0.9513132572174072, 'is_pvad': False, 'logid': '2026081219181594C46567A03777CB723E_1', 'model_version': 'BigASR-BigStreamv1.4.8_chunk_8', 'origin_text': '啥也不是啥也不是', 'pre_query_round': 1, 'req_payload': {'end_smooth_silence_proportion': 0.9, 'eos_silence_timeout': 1500}, 'seq_id': 3029, 'source': 'bigasr-acllm-release-streaming-grpc-v3', 'vad_backtrack_silence_time_ms': 779.899333007812}, 'results': [{'alternatives': [{'end_time': 60.58174, 'oi_decoding_info': {'oi_former_word_num': 0, 'oi_latter_word_num': 0, 'oi_words': None}, 'semantic_related_to_prev': None, 'start_time': 58.552, 'text': '啥也不是啥也不是'}], 'end_time': 60.58174, 'index': 0, 'is_interim': True, 'is_vad_timeout': False, 'start_time': 58.552, 'text': '啥也不是啥也不是'}]}, 'payload_size': 760}
服务器响应: {'message_type': 'SERVER_FULL_RESPONSE', 'event': 451, 'session_id': "b'9cb61aaa-e045-4a75-936e-ea519d771a99'", 'payload_msg': {'extra': {'interrupt_score': 0.9513132572174072, 'is_pvad': False, 'logid': '2026081219181594C46567A03777CB723E_1', 'model_version': 'BigASR-BigStreamv1.4.8_chunk_8', 'origin_text': '啥也不是啥也不是', 'pre_query_round': 1, 'req_payload': {'end_smooth_silence_proportion': 0.9, 'eos_silence_timeout': 1500}, 'seq_id': 3033, 'source': 'bigasr-acllm-release-streaming-grpc-v3', 'vad_backtrack_silence_time_ms': 859.885905273437}, 'results': [{'alternatives': [{'end_time': 60.661728, 'oi_decoding_info': {'oi_former_word_num': 0, 'oi_latter_word_num': 0, 'oi_words': None}, 'semantic_related_to_prev': None, 'start_time': 58.552, 'text': '啥也不是啥也不是'}], 'end_time': 60.661728, 'index': 0, 'is_interim': True, 'is_vad_timeout': False, 'start_time': 58.552, 'text': '啥也不是啥也不是'}]}, 'payload_size': 762}
服务器响应: {'message_type': 'SERVER_FULL_RESPONSE', 'event': 451, 'session_id': "b'9cb61aaa-e045-4a75-936e-ea519d771a99'", 'payload_msg': {'extra': {'interrupt_score': 0.9513132572174072, 'is_pvad': False, 'logid': '2026081219181594C46567A03777CB723E_1', 'model_version': 'BigASR-BigStreamv1.4.8_chunk_8', 'origin_text': '啥也不是啥也不是', 'pre_query_round': 1, 'req_payload': {'end_smooth_silence_proportion': 0.9, 'eos_silence_timeout': 1500}, 'seq_id': 3037, 'source': 'bigasr-acllm-release-streaming-grpc-v3', 'vad_backtrack_silence_time_ms': 939.872477539062}, 'results': [{'alternatives': [{'end_time': 60.741714, 'oi_decoding_info': {'oi_former_word_num': 0, 'oi_latter_word_num': 0, 'oi_words': None}, 'semantic_related_to_prev': None, 'start_time': 58.552, 'text': '啥也不是啥也不是'}], 'end_time': 60.741714, 'index': 0, 'is_interim': True, 'is_vad_timeout': False, 'start_time': 58.552, 'text': '啥也不是啥也不是'}]}, 'payload_size': 762}
服务器响应: {'message_type': 'SERVER_FULL_RESPONSE', 'event': 451, 'session_id': "b'9cb61aaa-e045-4a75-936e-ea519d771a99'", 'payload_msg': {'extra': {'endpoint': True, 'interrupt_score': 0.09778983891010284, 'is_pvad': False, 'logid': '2026081219181594C46567A03777CB723E_1', 'model_version': 'BigASR-BigStreamv1.4.8_chunk_8', 'origin_text': '啥也不是啥也不是', 'pre_query_round': 1, 'req_payload': {'end_smooth_silence_proportion': 0.9, 'eos_silence_timeout': 1500}, 'seq_id': 3041, 'soft_finish_paralinguistic': {'asr_text': '啥也不是，啥也不是。', 'para_resp': {}, 'para_text': ''}, 'source': 'bigasr-acllm-release-streaming-grpc-v3', 'vad_backtrack_silence_time_ms': 1019.859049804687}, 'results': [{'alternatives': [{'end_time': 60.8217, 'oi_decoding_info': {'oi_former_word_num': 0, 'oi_latter_word_num': 0, 'oi_words': None}, 'semantic_related_to_prev': None, 'start_time': 58.552, 'text': '啥也不是，啥也不是。'}], 'end_time': 60.8217, 'index': 0, 'is_interim': False, 'is_vad_timeout': False, 'start_time': 58.552, 'text': '啥也不是，啥也不是。'}]}, 'payload_size': 894}
服务器响应: {'message_type': 'SERVER_FULL_RESPONSE', 'event': 459, 'session_id': "b'9cb61aaa-e045-4a75-936e-ea519d771a99'", 'payload_msg': {'comfort_wait_time': 0, 'last_prefetch_cost_time': 312, 'last_resp_cost_time': 1098, 'no_content': False, 'prefetch_backtrack_time': 785, 'task_request_seq_id': 0, 'task_request_timestamp': 0, 'user_duration': 59802}, 'payload_size': 202}
服务器响应: {'message_type': 'SERVER_FULL_RESPONSE', 'event': 350, 'session_id': "b'9cb61aaa-e045-4a75-936e-ea519d771a99'", 'payload_msg': {'question_id': '52416483250085122', 'reply_id': '52416483250085634', 'text': '', 'tts_type': 'default'}, 'payload_size': 97}
[MIC-UDP:5558] 发送指令：send_microphone
[Half-Duplex] 暂停上位机麦克风: robot_speaker_playing
服务器响应: {'message_type': 'SERVER_FULL_RESPONSE', 'event': 550, 'session_id': "b'9cb61aaa-e045-4a75-936e-ea519d771a99'", 'payload_msg': {'content': '', 'question_id': '52416483250085122', 'reply_id': '52416483250085634'}, 'payload_size': 79}
服务器响应: {'message_type': 'SERVER_FULL_RESPONSE', 'event': 550, 'session_id': "b'9cb61aaa-e045-4a75-936e-ea519d771a99'", 'payload_msg': {'content': '哈哈，没关系，', 'question_id': '52416483250085122', 'reply_id': '52416483250085634'}, 'payload_size': 100}
服务器响应: {'message_type': 'SERVER_FULL_RESPONSE', 'event': 550, 'session_id': "b'9cb61aaa-e045-4a75-936e-ea519d771a99'", 'payload_msg': {'content': '那也', 'question_id': '52416483250085122', 'reply_id': '52416483250085634'}, 'payload_size': 85}
服务器响应: {'message_type': 'SERVER_FULL_RESPONSE', 'event': 550, 'session_id': "b'9cb61aaa-e045-4a75-936e-ea519d771a99'", 'payload_msg': {'content': '欢迎', 'question_id': '52416483250085122', 'reply_id': '52416483250085634'}, 'payload_size': 85}
服务器响应: {'message_type': 'SERVER_FULL_RESPONSE', 'event': 550, 'session_id': "b'9cb61aaa-e045-4a75-936e-ea519d771a99'", 'payload_msg': {'content': '你来', 'question_id': '52416483250085122', 'reply_id': '52416483250085634'}, 'payload_size': 85}
服务器响应: {'message_type': 'SERVER_FULL_RESPONSE', 'event': 550, 'session_id': "b'9cb61aaa-e045-4a75-936e-ea519d771a99'", 'payload_msg': {'content': '聊聊呀！', 'question_id': '52416483250085122', 'reply_id': '52416483250085634'}, 'payload_size': 91}
服务器响应: {'message_type': 'SERVER_FULL_RESPONSE', 'event': 550, 'session_id': "b'9cb61aaa-e045-4a75-936e-ea519d771a99'", 'payload_msg': {'content': '你', 'question_id': '52416483250085122', 'reply_id': '52416483250085634'}, 'payload_size': 82}
服务器响应: {'message_type': 'SERVER_FULL_RESPONSE', 'event': 550, 'session_id': "b'9cb61aaa-e045-4a75-936e-ea519d771a99'", 'payload_msg': {'content': '今天', 'question_id': '52416483250085122', 'reply_id': '52416483250085634'}, 'payload_size': 85}
服务器响应: {'message_type': 'SERVER_FULL_RESPONSE', 'event': 550, 'session_id': "b'9cb61aaa-e045-4a75-936e-ea519d771a99'", 'payload_msg': {'content': '是以', 'question_id': '52416483250085122', 'reply_id': '52416483250085634'}, 'payload_size': 85}
服务器响应: {'message_type': 'SERVER_FULL_RESPONSE', 'event': 550, 'session_id': "b'9cb61aaa-e045-4a75-936e-ea519d771a99'", 'payload_msg': {'content': '普通', 'question_id': '52416483250085122', 'reply_id': '52416483250085634'}, 'payload_size': 85}
服务器响应: {'message_type': 'SERVER_FULL_RESPONSE', 'event': 550, 'session_id': "b'9cb61aaa-e045-4a75-936e-ea519d771a99'", 'payload_msg': {'content': '观众、', 'question_id': '52416483250085122', 'reply_id': '52416483250085634'}, 'payload_size': 88}
服务器响应: {'message_type': 'SERVER_FULL_RESPONSE', 'event': 550, 'session_id': "b'9cb61aaa-e045-4a75-936e-ea519d771a99'", 'payload_msg': {'content': '行业从业者、', 'question_id': '52416483250085122', 'reply_id': '52416483250085634'}, 'payload_size': 97}
服务器响应: {'message_type': 'SERVER_FULL_RESPONSE', 'event': 550, 'session_id': "b'9cb61aaa-e045-4a75-936e-ea519d771a99'", 'payload_msg': {'content': '潜在采购方', 'question_id': '52416483250085122', 'reply_id': '52416483250085634'}, 'payload_size': 94}
服务器响应: {'message_type': 'SERVER_FULL_RESPONSE', 'event': 550, 'session_id': "b'9cb61aaa-e045-4a75-936e-ea519d771a99'", 'payload_msg': {'content': '，还是合作伙伴', 'question_id': '52416483250085122', 'reply_id': '52416483250085634'}, 'payload_size': 100}
服务器响应: {'message_type': 'SERVER_FULL_RESPONSE', 'event': 550, 'session_id': "b'9cb61aaa-e045-4a75-936e-ea519d771a99'", 'payload_msg': {'content': '的身份来参观', 'question_id': '52416483250085122', 'reply_id': '52416483250085634'}, 'payload_size': 97}
服务器响应: {'message_type': 'SERVER_FULL_RESPONSE', 'event': 550, 'session_id': "b'9cb61aaa-e045-4a75-936e-ea519d771a99'", 'payload_msg': {'content': '呢', 'question_id': '52416483250085122', 'reply_id': '52416483250085634'}, 'payload_size': 82}
服务器响应: {'message_type': 'SERVER_FULL_RESPONSE', 'event': 550, 'session_id': "b'9cb61aaa-e045-4a75-936e-ea519d771a99'", 'payload_msg': {'content': '？', 'question_id': '52416483250085122', 'reply_id': '52416483250085634'}, 'payload_size': 82}
服务器响应: {'message_type': 'SERVER_FULL_RESPONSE', 'event': 559, 'session_id': "b'9cb61aaa-e045-4a75-936e-ea519d771a99'", 'payload_msg': {'question_id': '52416483250085122', 'reply_id': '52416483250085634'}, 'payload_size': 66}
服务器响应: {'message_type': 'SERVER_FULL_RESPONSE', 'event': 154, 'session_id': "b'9cb61aaa-e045-4a75-936e-ea519d771a99'", 'payload_msg': {'usage': {'cached_audio_tokens': 0, 'cached_text_tokens': 0, 'input_audio_tokens': 10, 'input_text_tokens': 1801, 'output_audio_tokens': 250, 'output_text_tokens': 34}}, 'payload_size': 157}
服务器响应: {'message_type': 'SERVER_FULL_RESPONSE', 'event': 351, 'session_id': "b'9cb61aaa-e045-4a75-936e-ea519d771a99'", 'payload_msg': {'amount': 53, 'mute_cut_ms': 0, 'question_id': '52416483250085122', 'reply_id': '52416483250085634', 'sentence_duration': {'cur_sentence_index': 0, 'sentence_end_time': 10.033125, 'sentence_start_time': 0}, 'text': '哈哈，没关系，那也欢迎你来聊聊呀！你今天是以普通观众、行业从业者、潜在采购方，还是合作伙伴的身份来参观呢？'}, 'payload_size': 362}
服务器响应: {'message_type': 'SERVER_FULL_RESPONSE', 'event': 359, 'session_id': "b'9cb61aaa-e045-4a75-936e-ea519d771a99'", 'payload_msg': {'question_id': '52416483250085122', 'reply_id': '52416483250085634'}, 'payload_size': 66}
[MIC-UDP:5558] 发送指令：release_microphone
[Half-Duplex] 恢复上位机麦克风: robot_speaker_finished
